== IP Login Test @ 2025-09-07T22:14:44 ==
Director token len: 273
Users: mgr=68bd808d7130ae0aad37c50d emp=68bd808d7130ae0aad37c510
Manager allowed -> 183.80.131.93,127.0.0.1,::1
Employee allowed -> 183.80.131.93,127.0.0.1,::1
Manager login from 183.80.131.93 OK -> tokenLen=268
ERR http://localhost:3000/auth/login -> 
Employee from 1.2.3.4 correctly denied
Employee login from 183.80.131.93 OK -> tokenLen=272
== Done ==
